2026-05-21 20:49:17.933: [INFO][Sync] Reset engine, reason: 8
2026-05-21 20:49:17.933: [INFO][Sync] Stopped: Bookmarks
2026-05-21 20:49:17.933: [INFO][Sync] Stopped: Preferences
2026-05-21 20:49:17.933: [INFO][Sync] Stopped: Passwords
2026-05-21 20:49:17.933: [INFO][Sync] Stopped: Autofill Profiles
2026-05-21 20:49:17.933: [INFO][Sync] Stopped: Autofill
2026-05-21 20:49:17.933: [INFO][Sync] Stopped: Extensions
2026-05-21 20:49:17.933: [INFO][Sync] Stopped: Sessions
2026-05-21 20:49:17.933: [INFO][Sync] Stopped: Extension settings
2026-05-21 20:49:17.933: [INFO][Sync] Stopped: History Delete Directives
2026-05-21 20:49:17.933: [INFO][Sync] Stopped: Device Info
2026-05-21 20:49:17.933: [INFO][Sync] Stopped: User Consents
2026-05-21 20:49:17.933: [INFO][Sync] Stopped: Send Tab To Self
2026-05-21 20:49:17.933: [INFO][Sync] Stopped: Web Apps
2026-05-21 20:49:17.933: [INFO][Sync] Stopped: History
2026-05-21 20:49:17.933: [INFO][Sync] Stopped: Saved Tab Group
2026-05-21 20:49:17.933: [INFO][Sync] Stopped: WebAuthn Credentials
2026-05-21 20:49:17.933: [INFO][Sync] Stopped: Collection
2026-05-21 20:49:17.933: [INFO][Sync] Stopped: Edge E Drop
2026-05-21 20:49:17.933: [INFO][Sync] Stopped: Edge Hub App Usage
2026-05-21 20:49:17.933: [INFO][Sync] Stopped: Edge Wallet
2026-05-21 20:49:17.933: [INFO][Sync] Stopped: Edge Workspace
2026-05-21 20:49:17.933: [INFO][Sync] SyncState after authenticated was: NotSignedIn
2026-05-21 20:49:18.051: [INFO][Sync] Reset engine, reason: 8
2026-05-21 20:49:18.051: [INFO][Sync] Stopped: Bookmarks
2026-05-21 20:49:18.051: [INFO][Sync] Stopped: Preferences
2026-05-21 20:49:18.051: [INFO][Sync] Stopped: Passwords
2026-05-21 20:49:18.051: [INFO][Sync] Stopped: Autofill Profiles
2026-05-21 20:49:18.051: [INFO][Sync] Stopped: Autofill
2026-05-21 20:49:18.051: [INFO][Sync] Stopped: Extensions
2026-05-21 20:49:18.051: [INFO][Sync] Stopped: Sessions
2026-05-21 20:49:18.051: [INFO][Sync] Stopped: Extension settings
2026-05-21 20:49:18.051: [INFO][Sync] Stopped: History Delete Directives
2026-05-21 20:49:18.051: [INFO][Sync] Stopped: Device Info
2026-05-21 20:49:18.051: [INFO][Sync] Stopped: User Consents
2026-05-21 20:49:18.051: [INFO][Sync] Stopped: Send Tab To Self
2026-05-21 20:49:18.051: [INFO][Sync] Stopped: Web Apps
2026-05-21 20:49:18.051: [INFO][Sync] Stopped: History
2026-05-21 20:49:18.051: [INFO][Sync] Stopped: Saved Tab Group
2026-05-21 20:49:18.051: [INFO][Sync] Stopped: WebAuthn Credentials
2026-05-21 20:49:18.051: [INFO][Sync] Stopped: Collection
2026-05-21 20:49:18.051: [INFO][Sync] Stopped: Edge E Drop
2026-05-21 20:49:18.051: [INFO][Sync] Stopped: Edge Hub App Usage
2026-05-21 20:49:18.051: [INFO][Sync] Stopped: Edge Wallet
2026-05-21 20:49:18.051: [INFO][Sync] Stopped: Edge Workspace
2026-05-21 20:49:23.369: [INFO][Sync] Reset engine, reason: 0
2026-05-21 20:49:23.828: [INFO][Sync] Reset engine, reason: 8
2026-05-21 20:49:23.828: [INFO][Sync] Stopped: Bookmarks
2026-05-21 20:49:23.828: [INFO][Sync] Stopped: Preferences
2026-05-21 20:49:23.828: [INFO][Sync] Stopped: Passwords
2026-05-21 20:49:23.828: [INFO][Sync] Stopped: Autofill Profiles
2026-05-21 20:49:23.828: [INFO][Sync] Stopped: Autofill
2026-05-21 20:49:23.828: [INFO][Sync] Stopped: Extensions
2026-05-21 20:49:23.828: [INFO][Sync] Stopped: Sessions
2026-05-21 20:49:23.828: [INFO][Sync] Stopped: Extension settings
2026-05-21 20:49:23.828: [INFO][Sync] Stopped: History Delete Directives
2026-05-21 20:49:23.828: [INFO][Sync] Stopped: Device Info
2026-05-21 20:49:23.828: [INFO][Sync] Stopped: User Consents
2026-05-21 20:49:23.828: [INFO][Sync] Stopped: Send Tab To Self
2026-05-21 20:49:23.828: [INFO][Sync] Stopped: Web Apps
2026-05-21 20:49:23.828: [INFO][Sync] Stopped: History
2026-05-21 20:49:23.828: [INFO][Sync] Stopped: Saved Tab Group
2026-05-21 20:49:23.828: [INFO][Sync] Stopped: WebAuthn Credentials
2026-05-21 20:49:23.828: [INFO][Sync] Stopped: Collection
2026-05-21 20:49:23.828: [INFO][Sync] Stopped: Edge E Drop
2026-05-21 20:49:23.828: [INFO][Sync] Stopped: Edge Hub App Usage
2026-05-21 20:49:23.828: [INFO][Sync] Stopped: Edge Wallet
2026-05-21 20:49:23.828: [INFO][Sync] Stopped: Edge Workspace
2026-05-21 20:49:23.828: [INFO][Sync] SyncState after authenticated was: NotSignedIn
2026-05-21 20:49:23.892: [INFO][Sync] Reset engine, reason: 8
2026-05-21 20:49:23.892: [INFO][Sync] Stopped: Bookmarks
2026-05-21 20:49:23.892: [INFO][Sync] Stopped: Preferences
2026-05-21 20:49:23.892: [INFO][Sync] Stopped: Passwords
2026-05-21 20:49:23.892: [INFO][Sync] Stopped: Autofill Profiles
2026-05-21 20:49:23.892: [INFO][Sync] Stopped: Autofill
2026-05-21 20:49:23.892: [INFO][Sync] Stopped: Extensions
2026-05-21 20:49:23.892: [INFO][Sync] Stopped: Sessions
2026-05-21 20:49:23.892: [INFO][Sync] Stopped: Extension settings
2026-05-21 20:49:23.892: [INFO][Sync] Stopped: History Delete Directives
2026-05-21 20:49:23.892: [INFO][Sync] Stopped: Device Info
2026-05-21 20:49:23.892: [INFO][Sync] Stopped: User Consents
2026-05-21 20:49:23.892: [INFO][Sync] Stopped: Send Tab To Self
2026-05-21 20:49:23.892: [INFO][Sync] Stopped: Web Apps
2026-05-21 20:49:23.892: [INFO][Sync] Stopped: History
2026-05-21 20:49:23.892: [INFO][Sync] Stopped: Saved Tab Group
2026-05-21 20:49:23.892: [INFO][Sync] Stopped: WebAuthn Credentials
2026-05-21 20:49:23.892: [INFO][Sync] Stopped: Collection
2026-05-21 20:49:23.892: [INFO][Sync] Stopped: Edge E Drop
2026-05-21 20:49:23.892: [INFO][Sync] Stopped: Edge Hub App Usage
2026-05-21 20:49:23.892: [INFO][Sync] Stopped: Edge Wallet
2026-05-21 20:49:23.892: [INFO][Sync] Stopped: Edge Workspace
2026-05-21 20:49:29.190: [INFO][Sync] Reset engine, reason: 0
2026-05-21 20:49:29.596: [INFO][Sync] Reset engine, reason: 8
2026-05-21 20:49:29.596: [INFO][Sync] Stopped: Bookmarks
2026-05-21 20:49:29.596: [INFO][Sync] Stopped: Preferences
2026-05-21 20:49:29.596: [INFO][Sync] Stopped: Passwords
2026-05-21 20:49:29.596: [INFO][Sync] Stopped: Autofill Profiles
2026-05-21 20:49:29.596: [INFO][Sync] Stopped: Autofill
2026-05-21 20:49:29.596: [INFO][Sync] Stopped: Extensions
2026-05-21 20:49:29.596: [INFO][Sync] Stopped: Sessions
2026-05-21 20:49:29.596: [INFO][Sync] Stopped: Extension settings
2026-05-21 20:49:29.596: [INFO][Sync] Stopped: History Delete Directives
2026-05-21 20:49:29.596: [INFO][Sync] Stopped: Device Info
2026-05-21 20:49:29.596: [INFO][Sync] Stopped: User Consents
2026-05-21 20:49:29.596: [INFO][Sync] Stopped: Send Tab To Self
2026-05-21 20:49:29.596: [INFO][Sync] Stopped: Web Apps
2026-05-21 20:49:29.596: [INFO][Sync] Stopped: History
2026-05-21 20:49:29.596: [INFO][Sync] Stopped: Saved Tab Group
2026-05-21 20:49:29.596: [INFO][Sync] Stopped: WebAuthn Credentials
2026-05-21 20:49:29.596: [INFO][Sync] Stopped: Collection
2026-05-21 20:49:29.596: [INFO][Sync] Stopped: Edge E Drop
2026-05-21 20:49:29.596: [INFO][Sync] Stopped: Edge Hub App Usage
2026-05-21 20:49:29.596: [INFO][Sync] Stopped: Edge Wallet
2026-05-21 20:49:29.596: [INFO][Sync] Stopped: Edge Workspace
2026-05-21 20:49:29.596: [INFO][Sync] SyncState after authenticated was: NotSignedIn
2026-05-21 20:49:29.670: [INFO][Sync] Reset engine, reason: 8
2026-05-21 20:49:29.670: [INFO][Sync] Stopped: Bookmarks
2026-05-21 20:49:29.670: [INFO][Sync] Stopped: Preferences
2026-05-21 20:49:29.670: [INFO][Sync] Stopped: Passwords
2026-05-21 20:49:29.670: [INFO][Sync] Stopped: Autofill Profiles
2026-05-21 20:49:29.670: [INFO][Sync] Stopped: Autofill
2026-05-21 20:49:29.670: [INFO][Sync] Stopped: Extensions
2026-05-21 20:49:29.670: [INFO][Sync] Stopped: Sessions
2026-05-21 20:49:29.670: [INFO][Sync] Stopped: Extension settings
2026-05-21 20:49:29.670: [INFO][Sync] Stopped: History Delete Directives
2026-05-21 20:49:29.670: [INFO][Sync] Stopped: Device Info
2026-05-21 20:49:29.670: [INFO][Sync] Stopped: User Consents
2026-05-21 20:49:29.670: [INFO][Sync] Stopped: Send Tab To Self
2026-05-21 20:49:29.670: [INFO][Sync] Stopped: Web Apps
2026-05-21 20:49:29.670: [INFO][Sync] Stopped: History
2026-05-21 20:49:29.670: [INFO][Sync] Stopped: Saved Tab Group
2026-05-21 20:49:29.670: [INFO][Sync] Stopped: WebAuthn Credentials
2026-05-21 20:49:29.670: [INFO][Sync] Stopped: Collection
2026-05-21 20:49:29.670: [INFO][Sync] Stopped: Edge E Drop
2026-05-21 20:49:29.670: [INFO][Sync] Stopped: Edge Hub App Usage
2026-05-21 20:49:29.670: [INFO][Sync] Stopped: Edge Wallet
2026-05-21 20:49:29.670: [INFO][Sync] Stopped: Edge Workspace
2026-05-21 20:49:35.012: [INFO][Sync] Reset engine, reason: 0
2026-05-21 20:49:35.349: [INFO][Sync] Reset engine, reason: 8
2026-05-21 20:49:35.349: [INFO][Sync] Stopped: Bookmarks
2026-05-21 20:49:35.349: [INFO][Sync] Stopped: Preferences
2026-05-21 20:49:35.350: [INFO][Sync] Stopped: Passwords
2026-05-21 20:49:35.350: [INFO][Sync] Stopped: Autofill Profiles
2026-05-21 20:49:35.350: [INFO][Sync] Stopped: Autofill
2026-05-21 20:49:35.350: [INFO][Sync] Stopped: Extensions
2026-05-21 20:49:35.350: [INFO][Sync] Stopped: Sessions
2026-05-21 20:49:35.350: [INFO][Sync] Stopped: Extension settings
2026-05-21 20:49:35.350: [INFO][Sync] Stopped: History Delete Directives
2026-05-21 20:49:35.350: [INFO][Sync] Stopped: Device Info
2026-05-21 20:49:35.350: [INFO][Sync] Stopped: User Consents
2026-05-21 20:49:35.350: [INFO][Sync] Stopped: Send Tab To Self
2026-05-21 20:49:35.350: [INFO][Sync] Stopped: Web Apps
2026-05-21 20:49:35.350: [INFO][Sync] Stopped: History
2026-05-21 20:49:35.350: [INFO][Sync] Stopped: Saved Tab Group
2026-05-21 20:49:35.350: [INFO][Sync] Stopped: WebAuthn Credentials
2026-05-21 20:49:35.350: [INFO][Sync] Stopped: Collection
2026-05-21 20:49:35.350: [INFO][Sync] Stopped: Edge E Drop
2026-05-21 20:49:35.350: [INFO][Sync] Stopped: Edge Hub App Usage
2026-05-21 20:49:35.350: [INFO][Sync] Stopped: Edge Wallet
2026-05-21 20:49:35.350: [INFO][Sync] Stopped: Edge Workspace
2026-05-21 20:49:35.350: [INFO][Sync] SyncState after authenticated was: NotSignedIn
2026-05-21 20:49:35.418: [INFO][Sync] Reset engine, reason: 8
2026-05-21 20:49:35.418: [INFO][Sync] Stopped: Bookmarks
2026-05-21 20:49:35.418: [INFO][Sync] Stopped: Preferences
2026-05-21 20:49:35.418: [INFO][Sync] Stopped: Passwords
2026-05-21 20:49:35.418: [INFO][Sync] Stopped: Autofill Profiles
2026-05-21 20:49:35.418: [INFO][Sync] Stopped: Autofill
2026-05-21 20:49:35.418: [INFO][Sync] Stopped: Extensions
2026-05-21 20:49:35.418: [INFO][Sync] Stopped: Sessions
2026-05-21 20:49:35.418: [INFO][Sync] Stopped: Extension settings
2026-05-21 20:49:35.418: [INFO][Sync] Stopped: History Delete Directives
2026-05-21 20:49:35.418: [INFO][Sync] Stopped: Device Info
2026-05-21 20:49:35.418: [INFO][Sync] Stopped: User Consents
2026-05-21 20:49:35.418: [INFO][Sync] Stopped: Send Tab To Self
2026-05-21 20:49:35.418: [INFO][Sync] Stopped: Web Apps
2026-05-21 20:49:35.418: [INFO][Sync] Stopped: History
2026-05-21 20:49:35.418: [INFO][Sync] Stopped: Saved Tab Group
2026-05-21 20:49:35.418: [INFO][Sync] Stopped: WebAuthn Credentials
2026-05-21 20:49:35.418: [INFO][Sync] Stopped: Collection
2026-05-21 20:49:35.418: [INFO][Sync] Stopped: Edge E Drop
2026-05-21 20:49:35.418: [INFO][Sync] Stopped: Edge Hub App Usage
2026-05-21 20:49:35.418: [INFO][Sync] Stopped: Edge Wallet
2026-05-21 20:49:35.418: [INFO][Sync] Stopped: Edge Workspace
2026-05-21 20:49:40.731: [INFO][Sync] Reset engine, reason: 0
2026-05-21 20:49:41.096: [INFO][Sync] Reset engine, reason: 8
2026-05-21 20:49:41.096: [INFO][Sync] Stopped: Bookmarks
2026-05-21 20:49:41.096: [INFO][Sync] Stopped: Preferences
2026-05-21 20:49:41.096: [INFO][Sync] Stopped: Passwords
2026-05-21 20:49:41.096: [INFO][Sync] Stopped: Autofill Profiles
2026-05-21 20:49:41.096: [INFO][Sync] Stopped: Autofill
2026-05-21 20:49:41.096: [INFO][Sync] Stopped: Extensions
2026-05-21 20:49:41.096: [INFO][Sync] Stopped: Sessions
2026-05-21 20:49:41.096: [INFO][Sync] Stopped: Extension settings
2026-05-21 20:49:41.096: [INFO][Sync] Stopped: History Delete Directives
2026-05-21 20:49:41.096: [INFO][Sync] Stopped: Device Info
2026-05-21 20:49:41.096: [INFO][Sync] Stopped: User Consents
2026-05-21 20:49:41.096: [INFO][Sync] Stopped: Send Tab To Self
2026-05-21 20:49:41.096: [INFO][Sync] Stopped: Web Apps
2026-05-21 20:49:41.096: [INFO][Sync] Stopped: History
2026-05-21 20:49:41.096: [INFO][Sync] Stopped: Saved Tab Group
2026-05-21 20:49:41.096: [INFO][Sync] Stopped: WebAuthn Credentials
2026-05-21 20:49:41.096: [INFO][Sync] Stopped: Collection
2026-05-21 20:49:41.096: [INFO][Sync] Stopped: Edge E Drop
2026-05-21 20:49:41.096: [INFO][Sync] Stopped: Edge Hub App Usage
2026-05-21 20:49:41.096: [INFO][Sync] Stopped: Edge Wallet
2026-05-21 20:49:41.096: [INFO][Sync] Stopped: Edge Workspace
2026-05-21 20:49:41.096: [INFO][Sync] SyncState after authenticated was: NotSignedIn
2026-05-21 20:49:41.160: [INFO][Sync] Reset engine, reason: 8
2026-05-21 20:49:41.160: [INFO][Sync] Stopped: Bookmarks
2026-05-21 20:49:41.160: [INFO][Sync] Stopped: Preferences
2026-05-21 20:49:41.160: [INFO][Sync] Stopped: Passwords
2026-05-21 20:49:41.160: [INFO][Sync] Stopped: Autofill Profiles
2026-05-21 20:49:41.160: [INFO][Sync] Stopped: Autofill
2026-05-21 20:49:41.160: [INFO][Sync] Stopped: Extensions
2026-05-21 20:49:41.160: [INFO][Sync] Stopped: Sessions
2026-05-21 20:49:41.160: [INFO][Sync] Stopped: Extension settings
2026-05-21 20:49:41.160: [INFO][Sync] Stopped: History Delete Directives
2026-05-21 20:49:41.160: [INFO][Sync] Stopped: Device Info
2026-05-21 20:49:41.160: [INFO][Sync] Stopped: User Consents
2026-05-21 20:49:41.160: [INFO][Sync] Stopped: Send Tab To Self
2026-05-21 20:49:41.160: [INFO][Sync] Stopped: Web Apps
2026-05-21 20:49:41.160: [INFO][Sync] Stopped: History
2026-05-21 20:49:41.160: [INFO][Sync] Stopped: Saved Tab Group
2026-05-21 20:49:41.160: [INFO][Sync] Stopped: WebAuthn Credentials
2026-05-21 20:49:41.160: [INFO][Sync] Stopped: Collection
2026-05-21 20:49:41.160: [INFO][Sync] Stopped: Edge E Drop
2026-05-21 20:49:41.160: [INFO][Sync] Stopped: Edge Hub App Usage
2026-05-21 20:49:41.160: [INFO][Sync] Stopped: Edge Wallet
2026-05-21 20:49:41.160: [INFO][Sync] Stopped: Edge Workspace
2026-05-21 20:49:46.484: [INFO][Sync] Reset engine, reason: 0
2026-05-21 20:49:46.845: [INFO][Sync] Reset engine, reason: 8
2026-05-21 20:49:46.845: [INFO][Sync] Stopped: Bookmarks
2026-05-21 20:49:46.845: [INFO][Sync] Stopped: Preferences
2026-05-21 20:49:46.845: [INFO][Sync] Stopped: Passwords
2026-05-21 20:49:46.845: [INFO][Sync] Stopped: Autofill Profiles
2026-05-21 20:49:46.845: [INFO][Sync] Stopped: Autofill
2026-05-21 20:49:46.845: [INFO][Sync] Stopped: Extensions
2026-05-21 20:49:46.845: [INFO][Sync] Stopped: Sessions
2026-05-21 20:49:46.845: [INFO][Sync] Stopped: Extension settings
2026-05-21 20:49:46.845: [INFO][Sync] Stopped: History Delete Directives
2026-05-21 20:49:46.845: [INFO][Sync] Stopped: Device Info
2026-05-21 20:49:46.845: [INFO][Sync] Stopped: User Consents
2026-05-21 20:49:46.845: [INFO][Sync] Stopped: Send Tab To Self
2026-05-21 20:49:46.845: [INFO][Sync] Stopped: Web Apps
2026-05-21 20:49:46.845: [INFO][Sync] Stopped: History
2026-05-21 20:49:46.845: [INFO][Sync] Stopped: Saved Tab Group
2026-05-21 20:49:46.845: [INFO][Sync] Stopped: WebAuthn Credentials
2026-05-21 20:49:46.845: [INFO][Sync] Stopped: Collection
2026-05-21 20:49:46.845: [INFO][Sync] Stopped: Edge E Drop
2026-05-21 20:49:46.845: [INFO][Sync] Stopped: Edge Hub App Usage
2026-05-21 20:49:46.845: [INFO][Sync] Stopped: Edge Wallet
2026-05-21 20:49:46.845: [INFO][Sync] Stopped: Edge Workspace
2026-05-21 20:49:46.845: [INFO][Sync] SyncState after authenticated was: NotSignedIn
2026-05-21 20:49:46.911: [INFO][Sync] Reset engine, reason: 8
2026-05-21 20:49:46.911: [INFO][Sync] Stopped: Bookmarks
2026-05-21 20:49:46.911: [INFO][Sync] Stopped: Preferences
2026-05-21 20:49:46.911: [INFO][Sync] Stopped: Passwords
2026-05-21 20:49:46.911: [INFO][Sync] Stopped: Autofill Profiles
2026-05-21 20:49:46.911: [INFO][Sync] Stopped: Autofill
2026-05-21 20:49:46.911: [INFO][Sync] Stopped: Extensions
2026-05-21 20:49:46.911: [INFO][Sync] Stopped: Sessions
2026-05-21 20:49:46.911: [INFO][Sync] Stopped: Extension settings
2026-05-21 20:49:46.911: [INFO][Sync] Stopped: History Delete Directives
2026-05-21 20:49:46.911: [INFO][Sync] Stopped: Device Info
2026-05-21 20:49:46.911: [INFO][Sync] Stopped: User Consents
2026-05-21 20:49:46.911: [INFO][Sync] Stopped: Send Tab To Self
2026-05-21 20:49:46.911: [INFO][Sync] Stopped: Web Apps
2026-05-21 20:49:46.911: [INFO][Sync] Stopped: History
2026-05-21 20:49:46.911: [INFO][Sync] Stopped: Saved Tab Group
2026-05-21 20:49:46.911: [INFO][Sync] Stopped: WebAuthn Credentials
2026-05-21 20:49:46.911: [INFO][Sync] Stopped: Collection
2026-05-21 20:49:46.911: [INFO][Sync] Stopped: Edge E Drop
2026-05-21 20:49:46.911: [INFO][Sync] Stopped: Edge Hub App Usage
2026-05-21 20:49:46.911: [INFO][Sync] Stopped: Edge Wallet
2026-05-21 20:49:46.911: [INFO][Sync] Stopped: Edge Workspace
2026-05-21 20:49:52.246: [INFO][Sync] Reset engine, reason: 0
2026-05-21 20:49:52.618: [INFO][Sync] Reset engine, reason: 8
2026-05-21 20:49:52.618: [INFO][Sync] Stopped: Bookmarks
2026-05-21 20:49:52.618: [INFO][Sync] Stopped: Preferences
2026-05-21 20:49:52.618: [INFO][Sync] Stopped: Passwords
2026-05-21 20:49:52.618: [INFO][Sync] Stopped: Autofill Profiles
2026-05-21 20:49:52.618: [INFO][Sync] Stopped: Autofill
2026-05-21 20:49:52.618: [INFO][Sync] Stopped: Extensions
2026-05-21 20:49:52.618: [INFO][Sync] Stopped: Sessions
2026-05-21 20:49:52.618: [INFO][Sync] Stopped: Extension settings
2026-05-21 20:49:52.618: [INFO][Sync] Stopped: History Delete Directives
2026-05-21 20:49:52.618: [INFO][Sync] Stopped: Device Info
2026-05-21 20:49:52.618: [INFO][Sync] Stopped: User Consents
2026-05-21 20:49:52.618: [INFO][Sync] Stopped: Send Tab To Self
2026-05-21 20:49:52.618: [INFO][Sync] Stopped: Web Apps
2026-05-21 20:49:52.618: [INFO][Sync] Stopped: History
2026-05-21 20:49:52.618: [INFO][Sync] Stopped: Saved Tab Group
2026-05-21 20:49:52.618: [INFO][Sync] Stopped: WebAuthn Credentials
2026-05-21 20:49:52.618: [INFO][Sync] Stopped: Collection
2026-05-21 20:49:52.618: [INFO][Sync] Stopped: Edge E Drop
2026-05-21 20:49:52.618: [INFO][Sync] Stopped: Edge Hub App Usage
2026-05-21 20:49:52.618: [INFO][Sync] Stopped: Edge Wallet
2026-05-21 20:49:52.618: [INFO][Sync] Stopped: Edge Workspace
2026-05-21 20:49:52.618: [INFO][Sync] SyncState after authenticated was: NotSignedIn
2026-05-21 20:49:52.681: [INFO][Sync] Reset engine, reason: 8
2026-05-21 20:49:52.681: [INFO][Sync] Stopped: Bookmarks
2026-05-21 20:49:52.681: [INFO][Sync] Stopped: Preferences
2026-05-21 20:49:52.681: [INFO][Sync] Stopped: Passwords
2026-05-21 20:49:52.681: [INFO][Sync] Stopped: Autofill Profiles
2026-05-21 20:49:52.681: [INFO][Sync] Stopped: Autofill
2026-05-21 20:49:52.681: [INFO][Sync] Stopped: Extensions
2026-05-21 20:49:52.681: [INFO][Sync] Stopped: Sessions
2026-05-21 20:49:52.681: [INFO][Sync] Stopped: Extension settings
2026-05-21 20:49:52.681: [INFO][Sync] Stopped: History Delete Directives
2026-05-21 20:49:52.681: [INFO][Sync] Stopped: Device Info
2026-05-21 20:49:52.681: [INFO][Sync] Stopped: User Consents
2026-05-21 20:49:52.681: [INFO][Sync] Stopped: Send Tab To Self
2026-05-21 20:49:52.681: [INFO][Sync] Stopped: Web Apps
2026-05-21 20:49:52.681: [INFO][Sync] Stopped: History
2026-05-21 20:49:52.681: [INFO][Sync] Stopped: Saved Tab Group
2026-05-21 20:49:52.681: [INFO][Sync] Stopped: WebAuthn Credentials
2026-05-21 20:49:52.681: [INFO][Sync] Stopped: Collection
2026-05-21 20:49:52.681: [INFO][Sync] Stopped: Edge E Drop
2026-05-21 20:49:52.681: [INFO][Sync] Stopped: Edge Hub App Usage
2026-05-21 20:49:52.681: [INFO][Sync] Stopped: Edge Wallet
2026-05-21 20:49:52.681: [INFO][Sync] Stopped: Edge Workspace
2026-05-21 20:49:57.969: [INFO][Sync] Reset engine, reason: 0
