2026-05-21 20:29:28.921: [INFO][Sync] Reset engine, reason: 8
2026-05-21 20:29:28.921: [INFO][Sync] Stopped: Bookmarks
2026-05-21 20:29:28.921: [INFO][Sync] Stopped: Preferences
2026-05-21 20:29:28.921: [INFO][Sync] Stopped: Passwords
2026-05-21 20:29:28.921: [INFO][Sync] Stopped: Autofill Profiles
2026-05-21 20:29:28.921: [INFO][Sync] Stopped: Autofill
2026-05-21 20:29:28.921: [INFO][Sync] Stopped: Extensions
2026-05-21 20:29:28.921: [INFO][Sync] Stopped: Sessions
2026-05-21 20:29:28.921: [INFO][Sync] Stopped: Extension settings
2026-05-21 20:29:28.921: [INFO][Sync] Stopped: History Delete Directives
2026-05-21 20:29:28.921: [INFO][Sync] Stopped: Device Info
2026-05-21 20:29:28.921: [INFO][Sync] Stopped: User Consents
2026-05-21 20:29:28.921: [INFO][Sync] Stopped: Send Tab To Self
2026-05-21 20:29:28.921: [INFO][Sync] Stopped: Web Apps
2026-05-21 20:29:28.921: [INFO][Sync] Stopped: History
2026-05-21 20:29:28.921: [INFO][Sync] Stopped: Saved Tab Group
2026-05-21 20:29:28.921: [INFO][Sync] Stopped: WebAuthn Credentials
2026-05-21 20:29:28.921: [INFO][Sync] Stopped: Collection
2026-05-21 20:29:28.921: [INFO][Sync] Stopped: Edge E Drop
2026-05-21 20:29:28.921: [INFO][Sync] Stopped: Edge Hub App Usage
2026-05-21 20:29:28.921: [INFO][Sync] Stopped: Edge Wallet
2026-05-21 20:29:28.921: [INFO][Sync] Stopped: Edge Workspace
2026-05-21 20:29:28.921: [INFO][Sync] SyncState after authenticated was: NotSignedIn
2026-05-21 20:29:29.030: [INFO][Sync] Reset engine, reason: 8
2026-05-21 20:29:29.030: [INFO][Sync] Stopped: Bookmarks
2026-05-21 20:29:29.030: [INFO][Sync] Stopped: Preferences
2026-05-21 20:29:29.030: [INFO][Sync] Stopped: Passwords
2026-05-21 20:29:29.030: [INFO][Sync] Stopped: Autofill Profiles
2026-05-21 20:29:29.030: [INFO][Sync] Stopped: Autofill
2026-05-21 20:29:29.030: [INFO][Sync] Stopped: Extensions
2026-05-21 20:29:29.030: [INFO][Sync] Stopped: Sessions
2026-05-21 20:29:29.030: [INFO][Sync] Stopped: Extension settings
2026-05-21 20:29:29.030: [INFO][Sync] Stopped: History Delete Directives
2026-05-21 20:29:29.030: [INFO][Sync] Stopped: Device Info
2026-05-21 20:29:29.030: [INFO][Sync] Stopped: User Consents
2026-05-21 20:29:29.030: [INFO][Sync] Stopped: Send Tab To Self
2026-05-21 20:29:29.030: [INFO][Sync] Stopped: Web Apps
2026-05-21 20:29:29.030: [INFO][Sync] Stopped: History
2026-05-21 20:29:29.030: [INFO][Sync] Stopped: Saved Tab Group
2026-05-21 20:29:29.030: [INFO][Sync] Stopped: WebAuthn Credentials
2026-05-21 20:29:29.030: [INFO][Sync] Stopped: Collection
2026-05-21 20:29:29.030: [INFO][Sync] Stopped: Edge E Drop
2026-05-21 20:29:29.030: [INFO][Sync] Stopped: Edge Hub App Usage
2026-05-21 20:29:29.030: [INFO][Sync] Stopped: Edge Wallet
2026-05-21 20:29:29.030: [INFO][Sync] Stopped: Edge Workspace
2026-05-21 20:29:34.680: [INFO][Sync] Reset engine, reason: 0
2026-05-21 20:29:35.061: [INFO][Sync] Reset engine, reason: 8
2026-05-21 20:29:35.061: [INFO][Sync] Stopped: Bookmarks
2026-05-21 20:29:35.061: [INFO][Sync] Stopped: Preferences
2026-05-21 20:29:35.061: [INFO][Sync] Stopped: Passwords
2026-05-21 20:29:35.061: [INFO][Sync] Stopped: Autofill Profiles
2026-05-21 20:29:35.061: [INFO][Sync] Stopped: Autofill
2026-05-21 20:29:35.061: [INFO][Sync] Stopped: Extensions
2026-05-21 20:29:35.061: [INFO][Sync] Stopped: Sessions
2026-05-21 20:29:35.061: [INFO][Sync] Stopped: Extension settings
2026-05-21 20:29:35.061: [INFO][Sync] Stopped: History Delete Directives
2026-05-21 20:29:35.061: [INFO][Sync] Stopped: Device Info
2026-05-21 20:29:35.061: [INFO][Sync] Stopped: User Consents
2026-05-21 20:29:35.061: [INFO][Sync] Stopped: Send Tab To Self
2026-05-21 20:29:35.061: [INFO][Sync] Stopped: Web Apps
2026-05-21 20:29:35.061: [INFO][Sync] Stopped: History
2026-05-21 20:29:35.061: [INFO][Sync] Stopped: Saved Tab Group
2026-05-21 20:29:35.061: [INFO][Sync] Stopped: WebAuthn Credentials
2026-05-21 20:29:35.061: [INFO][Sync] Stopped: Collection
2026-05-21 20:29:35.061: [INFO][Sync] Stopped: Edge E Drop
2026-05-21 20:29:35.061: [INFO][Sync] Stopped: Edge Hub App Usage
2026-05-21 20:29:35.061: [INFO][Sync] Stopped: Edge Wallet
2026-05-21 20:29:35.061: [INFO][Sync] Stopped: Edge Workspace
2026-05-21 20:29:35.061: [INFO][Sync] SyncState after authenticated was: NotSignedIn
2026-05-21 20:29:35.125: [INFO][Sync] Reset engine, reason: 8
2026-05-21 20:29:35.125: [INFO][Sync] Stopped: Bookmarks
2026-05-21 20:29:35.125: [INFO][Sync] Stopped: Preferences
2026-05-21 20:29:35.125: [INFO][Sync] Stopped: Passwords
2026-05-21 20:29:35.125: [INFO][Sync] Stopped: Autofill Profiles
2026-05-21 20:29:35.125: [INFO][Sync] Stopped: Autofill
2026-05-21 20:29:35.125: [INFO][Sync] Stopped: Extensions
2026-05-21 20:29:35.125: [INFO][Sync] Stopped: Sessions
2026-05-21 20:29:35.125: [INFO][Sync] Stopped: Extension settings
2026-05-21 20:29:35.125: [INFO][Sync] Stopped: History Delete Directives
2026-05-21 20:29:35.125: [INFO][Sync] Stopped: Device Info
2026-05-21 20:29:35.125: [INFO][Sync] Stopped: User Consents
2026-05-21 20:29:35.125: [INFO][Sync] Stopped: Send Tab To Self
2026-05-21 20:29:35.125: [INFO][Sync] Stopped: Web Apps
2026-05-21 20:29:35.125: [INFO][Sync] Stopped: History
2026-05-21 20:29:35.125: [INFO][Sync] Stopped: Saved Tab Group
2026-05-21 20:29:35.125: [INFO][Sync] Stopped: WebAuthn Credentials
2026-05-21 20:29:35.125: [INFO][Sync] Stopped: Collection
2026-05-21 20:29:35.125: [INFO][Sync] Stopped: Edge E Drop
2026-05-21 20:29:35.125: [INFO][Sync] Stopped: Edge Hub App Usage
2026-05-21 20:29:35.125: [INFO][Sync] Stopped: Edge Wallet
2026-05-21 20:29:35.125: [INFO][Sync] Stopped: Edge Workspace
2026-05-21 20:29:40.739: [INFO][Sync] Reset engine, reason: 0
2026-05-21 20:29:41.112: [INFO][Sync] Reset engine, reason: 8
2026-05-21 20:29:41.112: [INFO][Sync] Stopped: Bookmarks
2026-05-21 20:29:41.112: [INFO][Sync] Stopped: Preferences
2026-05-21 20:29:41.112: [INFO][Sync] Stopped: Passwords
2026-05-21 20:29:41.112: [INFO][Sync] Stopped: Autofill Profiles
2026-05-21 20:29:41.112: [INFO][Sync] Stopped: Autofill
2026-05-21 20:29:41.112: [INFO][Sync] Stopped: Extensions
2026-05-21 20:29:41.112: [INFO][Sync] Stopped: Sessions
2026-05-21 20:29:41.112: [INFO][Sync] Stopped: Extension settings
2026-05-21 20:29:41.112: [INFO][Sync] Stopped: History Delete Directives
2026-05-21 20:29:41.112: [INFO][Sync] Stopped: Device Info
2026-05-21 20:29:41.112: [INFO][Sync] Stopped: User Consents
2026-05-21 20:29:41.112: [INFO][Sync] Stopped: Send Tab To Self
2026-05-21 20:29:41.112: [INFO][Sync] Stopped: Web Apps
2026-05-21 20:29:41.112: [INFO][Sync] Stopped: History
2026-05-21 20:29:41.112: [INFO][Sync] Stopped: Saved Tab Group
2026-05-21 20:29:41.112: [INFO][Sync] Stopped: WebAuthn Credentials
2026-05-21 20:29:41.112: [INFO][Sync] Stopped: Collection
2026-05-21 20:29:41.112: [INFO][Sync] Stopped: Edge E Drop
2026-05-21 20:29:41.112: [INFO][Sync] Stopped: Edge Hub App Usage
2026-05-21 20:29:41.112: [INFO][Sync] Stopped: Edge Wallet
2026-05-21 20:29:41.112: [INFO][Sync] Stopped: Edge Workspace
2026-05-21 20:29:41.112: [INFO][Sync] SyncState after authenticated was: NotSignedIn
2026-05-21 20:29:41.173: [INFO][Sync] Reset engine, reason: 8
2026-05-21 20:29:41.173: [INFO][Sync] Stopped: Bookmarks
2026-05-21 20:29:41.173: [INFO][Sync] Stopped: Preferences
2026-05-21 20:29:41.173: [INFO][Sync] Stopped: Passwords
2026-05-21 20:29:41.173: [INFO][Sync] Stopped: Autofill Profiles
2026-05-21 20:29:41.173: [INFO][Sync] Stopped: Autofill
2026-05-21 20:29:41.173: [INFO][Sync] Stopped: Extensions
2026-05-21 20:29:41.173: [INFO][Sync] Stopped: Sessions
2026-05-21 20:29:41.173: [INFO][Sync] Stopped: Extension settings
2026-05-21 20:29:41.173: [INFO][Sync] Stopped: History Delete Directives
2026-05-21 20:29:41.173: [INFO][Sync] Stopped: Device Info
2026-05-21 20:29:41.173: [INFO][Sync] Stopped: User Consents
2026-05-21 20:29:41.173: [INFO][Sync] Stopped: Send Tab To Self
2026-05-21 20:29:41.173: [INFO][Sync] Stopped: Web Apps
2026-05-21 20:29:41.173: [INFO][Sync] Stopped: History
2026-05-21 20:29:41.173: [INFO][Sync] Stopped: Saved Tab Group
2026-05-21 20:29:41.173: [INFO][Sync] Stopped: WebAuthn Credentials
2026-05-21 20:29:41.173: [INFO][Sync] Stopped: Collection
2026-05-21 20:29:41.173: [INFO][Sync] Stopped: Edge E Drop
2026-05-21 20:29:41.173: [INFO][Sync] Stopped: Edge Hub App Usage
2026-05-21 20:29:41.173: [INFO][Sync] Stopped: Edge Wallet
2026-05-21 20:29:41.173: [INFO][Sync] Stopped: Edge Workspace
2026-05-21 20:29:46.804: [INFO][Sync] Reset engine, reason: 0
2026-05-21 20:29:47.187: [INFO][Sync] Reset engine, reason: 8
2026-05-21 20:29:47.187: [INFO][Sync] Stopped: Bookmarks
2026-05-21 20:29:47.187: [INFO][Sync] Stopped: Preferences
2026-05-21 20:29:47.187: [INFO][Sync] Stopped: Passwords
2026-05-21 20:29:47.187: [INFO][Sync] Stopped: Autofill Profiles
2026-05-21 20:29:47.187: [INFO][Sync] Stopped: Autofill
2026-05-21 20:29:47.187: [INFO][Sync] Stopped: Extensions
2026-05-21 20:29:47.187: [INFO][Sync] Stopped: Sessions
2026-05-21 20:29:47.187: [INFO][Sync] Stopped: Extension settings
2026-05-21 20:29:47.187: [INFO][Sync] Stopped: History Delete Directives
2026-05-21 20:29:47.187: [INFO][Sync] Stopped: Device Info
2026-05-21 20:29:47.187: [INFO][Sync] Stopped: User Consents
2026-05-21 20:29:47.187: [INFO][Sync] Stopped: Send Tab To Self
2026-05-21 20:29:47.187: [INFO][Sync] Stopped: Web Apps
2026-05-21 20:29:47.187: [INFO][Sync] Stopped: History
2026-05-21 20:29:47.187: [INFO][Sync] Stopped: Saved Tab Group
2026-05-21 20:29:47.187: [INFO][Sync] Stopped: WebAuthn Credentials
2026-05-21 20:29:47.187: [INFO][Sync] Stopped: Collection
2026-05-21 20:29:47.187: [INFO][Sync] Stopped: Edge E Drop
2026-05-21 20:29:47.187: [INFO][Sync] Stopped: Edge Hub App Usage
2026-05-21 20:29:47.187: [INFO][Sync] Stopped: Edge Wallet
2026-05-21 20:29:47.187: [INFO][Sync] Stopped: Edge Workspace
2026-05-21 20:29:47.187: [INFO][Sync] SyncState after authenticated was: NotSignedIn
2026-05-21 20:29:47.252: [INFO][Sync] Reset engine, reason: 8
2026-05-21 20:29:47.252: [INFO][Sync] Stopped: Bookmarks
2026-05-21 20:29:47.252: [INFO][Sync] Stopped: Preferences
2026-05-21 20:29:47.252: [INFO][Sync] Stopped: Passwords
2026-05-21 20:29:47.252: [INFO][Sync] Stopped: Autofill Profiles
2026-05-21 20:29:47.252: [INFO][Sync] Stopped: Autofill
2026-05-21 20:29:47.252: [INFO][Sync] Stopped: Extensions
2026-05-21 20:29:47.252: [INFO][Sync] Stopped: Sessions
2026-05-21 20:29:47.252: [INFO][Sync] Stopped: Extension settings
2026-05-21 20:29:47.252: [INFO][Sync] Stopped: History Delete Directives
2026-05-21 20:29:47.252: [INFO][Sync] Stopped: Device Info
2026-05-21 20:29:47.252: [INFO][Sync] Stopped: User Consents
2026-05-21 20:29:47.252: [INFO][Sync] Stopped: Send Tab To Self
2026-05-21 20:29:47.252: [INFO][Sync] Stopped: Web Apps
2026-05-21 20:29:47.252: [INFO][Sync] Stopped: History
2026-05-21 20:29:47.252: [INFO][Sync] Stopped: Saved Tab Group
2026-05-21 20:29:47.252: [INFO][Sync] Stopped: WebAuthn Credentials
2026-05-21 20:29:47.252: [INFO][Sync] Stopped: Collection
2026-05-21 20:29:47.252: [INFO][Sync] Stopped: Edge E Drop
2026-05-21 20:29:47.252: [INFO][Sync] Stopped: Edge Hub App Usage
2026-05-21 20:29:47.252: [INFO][Sync] Stopped: Edge Wallet
2026-05-21 20:29:47.252: [INFO][Sync] Stopped: Edge Workspace
2026-05-21 20:29:52.896: [INFO][Sync] Reset engine, reason: 0
2026-05-21 20:29:53.244: [INFO][Sync] Reset engine, reason: 8
2026-05-21 20:29:53.244: [INFO][Sync] Stopped: Bookmarks
2026-05-21 20:29:53.244: [INFO][Sync] Stopped: Preferences
2026-05-21 20:29:53.244: [INFO][Sync] Stopped: Passwords
2026-05-21 20:29:53.244: [INFO][Sync] Stopped: Autofill Profiles
2026-05-21 20:29:53.244: [INFO][Sync] Stopped: Autofill
2026-05-21 20:29:53.244: [INFO][Sync] Stopped: Extensions
2026-05-21 20:29:53.244: [INFO][Sync] Stopped: Sessions
2026-05-21 20:29:53.244: [INFO][Sync] Stopped: Extension settings
2026-05-21 20:29:53.244: [INFO][Sync] Stopped: History Delete Directives
2026-05-21 20:29:53.244: [INFO][Sync] Stopped: Device Info
2026-05-21 20:29:53.244: [INFO][Sync] Stopped: User Consents
2026-05-21 20:29:53.244: [INFO][Sync] Stopped: Send Tab To Self
2026-05-21 20:29:53.244: [INFO][Sync] Stopped: Web Apps
2026-05-21 20:29:53.244: [INFO][Sync] Stopped: History
2026-05-21 20:29:53.244: [INFO][Sync] Stopped: Saved Tab Group
2026-05-21 20:29:53.244: [INFO][Sync] Stopped: WebAuthn Credentials
2026-05-21 20:29:53.244: [INFO][Sync] Stopped: Collection
2026-05-21 20:29:53.244: [INFO][Sync] Stopped: Edge E Drop
2026-05-21 20:29:53.244: [INFO][Sync] Stopped: Edge Hub App Usage
2026-05-21 20:29:53.244: [INFO][Sync] Stopped: Edge Wallet
2026-05-21 20:29:53.244: [INFO][Sync] Stopped: Edge Workspace
2026-05-21 20:29:53.244: [INFO][Sync] SyncState after authenticated was: NotSignedIn
2026-05-21 20:29:53.306: [INFO][Sync] Reset engine, reason: 8
2026-05-21 20:29:53.306: [INFO][Sync] Stopped: Bookmarks
2026-05-21 20:29:53.306: [INFO][Sync] Stopped: Preferences
2026-05-21 20:29:53.306: [INFO][Sync] Stopped: Passwords
2026-05-21 20:29:53.306: [INFO][Sync] Stopped: Autofill Profiles
2026-05-21 20:29:53.306: [INFO][Sync] Stopped: Autofill
2026-05-21 20:29:53.307: [INFO][Sync] Stopped: Extensions
2026-05-21 20:29:53.307: [INFO][Sync] Stopped: Sessions
2026-05-21 20:29:53.307: [INFO][Sync] Stopped: Extension settings
2026-05-21 20:29:53.307: [INFO][Sync] Stopped: History Delete Directives
2026-05-21 20:29:53.307: [INFO][Sync] Stopped: Device Info
2026-05-21 20:29:53.307: [INFO][Sync] Stopped: User Consents
2026-05-21 20:29:53.307: [INFO][Sync] Stopped: Send Tab To Self
2026-05-21 20:29:53.307: [INFO][Sync] Stopped: Web Apps
2026-05-21 20:29:53.307: [INFO][Sync] Stopped: History
2026-05-21 20:29:53.307: [INFO][Sync] Stopped: Saved Tab Group
2026-05-21 20:29:53.307: [INFO][Sync] Stopped: WebAuthn Credentials
2026-05-21 20:29:53.307: [INFO][Sync] Stopped: Collection
2026-05-21 20:29:53.307: [INFO][Sync] Stopped: Edge E Drop
2026-05-21 20:29:53.307: [INFO][Sync] Stopped: Edge Hub App Usage
2026-05-21 20:29:53.307: [INFO][Sync] Stopped: Edge Wallet
2026-05-21 20:29:53.307: [INFO][Sync] Stopped: Edge Workspace
2026-05-21 20:29:58.916: [INFO][Sync] Reset engine, reason: 0
2026-05-21 20:29:59.264: [INFO][Sync] Reset engine, reason: 8
2026-05-21 20:29:59.264: [INFO][Sync] Stopped: Bookmarks
2026-05-21 20:29:59.264: [INFO][Sync] Stopped: Preferences
2026-05-21 20:29:59.264: [INFO][Sync] Stopped: Passwords
2026-05-21 20:29:59.264: [INFO][Sync] Stopped: Autofill Profiles
2026-05-21 20:29:59.264: [INFO][Sync] Stopped: Autofill
2026-05-21 20:29:59.264: [INFO][Sync] Stopped: Extensions
2026-05-21 20:29:59.264: [INFO][Sync] Stopped: Sessions
2026-05-21 20:29:59.264: [INFO][Sync] Stopped: Extension settings
2026-05-21 20:29:59.264: [INFO][Sync] Stopped: History Delete Directives
2026-05-21 20:29:59.264: [INFO][Sync] Stopped: Device Info
2026-05-21 20:29:59.264: [INFO][Sync] Stopped: User Consents
2026-05-21 20:29:59.264: [INFO][Sync] Stopped: Send Tab To Self
2026-05-21 20:29:59.264: [INFO][Sync] Stopped: Web Apps
2026-05-21 20:29:59.264: [INFO][Sync] Stopped: History
2026-05-21 20:29:59.264: [INFO][Sync] Stopped: Saved Tab Group
2026-05-21 20:29:59.264: [INFO][Sync] Stopped: WebAuthn Credentials
2026-05-21 20:29:59.264: [INFO][Sync] Stopped: Collection
2026-05-21 20:29:59.264: [INFO][Sync] Stopped: Edge E Drop
2026-05-21 20:29:59.264: [INFO][Sync] Stopped: Edge Hub App Usage
2026-05-21 20:29:59.264: [INFO][Sync] Stopped: Edge Wallet
2026-05-21 20:29:59.264: [INFO][Sync] Stopped: Edge Workspace
2026-05-21 20:29:59.264: [INFO][Sync] SyncState after authenticated was: NotSignedIn
2026-05-21 20:29:59.325: [INFO][Sync] Reset engine, reason: 8
2026-05-21 20:29:59.325: [INFO][Sync] Stopped: Bookmarks
2026-05-21 20:29:59.325: [INFO][Sync] Stopped: Preferences
2026-05-21 20:29:59.325: [INFO][Sync] Stopped: Passwords
2026-05-21 20:29:59.325: [INFO][Sync] Stopped: Autofill Profiles
2026-05-21 20:29:59.325: [INFO][Sync] Stopped: Autofill
2026-05-21 20:29:59.325: [INFO][Sync] Stopped: Extensions
2026-05-21 20:29:59.325: [INFO][Sync] Stopped: Sessions
2026-05-21 20:29:59.325: [INFO][Sync] Stopped: Extension settings
2026-05-21 20:29:59.325: [INFO][Sync] Stopped: History Delete Directives
2026-05-21 20:29:59.325: [INFO][Sync] Stopped: Device Info
2026-05-21 20:29:59.325: [INFO][Sync] Stopped: User Consents
2026-05-21 20:29:59.325: [INFO][Sync] Stopped: Send Tab To Self
2026-05-21 20:29:59.325: [INFO][Sync] Stopped: Web Apps
2026-05-21 20:29:59.325: [INFO][Sync] Stopped: History
2026-05-21 20:29:59.325: [INFO][Sync] Stopped: Saved Tab Group
2026-05-21 20:29:59.325: [INFO][Sync] Stopped: WebAuthn Credentials
2026-05-21 20:29:59.325: [INFO][Sync] Stopped: Collection
2026-05-21 20:29:59.325: [INFO][Sync] Stopped: Edge E Drop
2026-05-21 20:29:59.325: [INFO][Sync] Stopped: Edge Hub App Usage
2026-05-21 20:29:59.325: [INFO][Sync] Stopped: Edge Wallet
2026-05-21 20:29:59.325: [INFO][Sync] Stopped: Edge Workspace
2026-05-21 20:30:04.950: [INFO][Sync] Reset engine, reason: 0
2026-05-21 20:30:05.302: [INFO][Sync] Reset engine, reason: 8
2026-05-21 20:30:05.302: [INFO][Sync] Stopped: Bookmarks
2026-05-21 20:30:05.302: [INFO][Sync] Stopped: Preferences
2026-05-21 20:30:05.302: [INFO][Sync] Stopped: Passwords
2026-05-21 20:30:05.302: [INFO][Sync] Stopped: Autofill Profiles
2026-05-21 20:30:05.302: [INFO][Sync] Stopped: Autofill
2026-05-21 20:30:05.302: [INFO][Sync] Stopped: Extensions
2026-05-21 20:30:05.302: [INFO][Sync] Stopped: Sessions
2026-05-21 20:30:05.302: [INFO][Sync] Stopped: Extension settings
2026-05-21 20:30:05.302: [INFO][Sync] Stopped: History Delete Directives
2026-05-21 20:30:05.302: [INFO][Sync] Stopped: Device Info
2026-05-21 20:30:05.302: [INFO][Sync] Stopped: User Consents
2026-05-21 20:30:05.302: [INFO][Sync] Stopped: Send Tab To Self
2026-05-21 20:30:05.302: [INFO][Sync] Stopped: Web Apps
2026-05-21 20:30:05.302: [INFO][Sync] Stopped: History
2026-05-21 20:30:05.302: [INFO][Sync] Stopped: Saved Tab Group
2026-05-21 20:30:05.302: [INFO][Sync] Stopped: WebAuthn Credentials
2026-05-21 20:30:05.302: [INFO][Sync] Stopped: Collection
2026-05-21 20:30:05.302: [INFO][Sync] Stopped: Edge E Drop
2026-05-21 20:30:05.302: [INFO][Sync] Stopped: Edge Hub App Usage
2026-05-21 20:30:05.302: [INFO][Sync] Stopped: Edge Wallet
2026-05-21 20:30:05.302: [INFO][Sync] Stopped: Edge Workspace
2026-05-21 20:30:05.302: [INFO][Sync] SyncState after authenticated was: NotSignedIn
2026-05-21 20:30:05.365: [INFO][Sync] Reset engine, reason: 8
2026-05-21 20:30:05.365: [INFO][Sync] Stopped: Bookmarks
2026-05-21 20:30:05.365: [INFO][Sync] Stopped: Preferences
2026-05-21 20:30:05.365: [INFO][Sync] Stopped: Passwords
2026-05-21 20:30:05.365: [INFO][Sync] Stopped: Autofill Profiles
2026-05-21 20:30:05.365: [INFO][Sync] Stopped: Autofill
2026-05-21 20:30:05.365: [INFO][Sync] Stopped: Extensions
2026-05-21 20:30:05.365: [INFO][Sync] Stopped: Sessions
2026-05-21 20:30:05.365: [INFO][Sync] Stopped: Extension settings
2026-05-21 20:30:05.365: [INFO][Sync] Stopped: History Delete Directives
2026-05-21 20:30:05.365: [INFO][Sync] Stopped: Device Info
2026-05-21 20:30:05.365: [INFO][Sync] Stopped: User Consents
2026-05-21 20:30:05.365: [INFO][Sync] Stopped: Send Tab To Self
2026-05-21 20:30:05.365: [INFO][Sync] Stopped: Web Apps
2026-05-21 20:30:05.365: [INFO][Sync] Stopped: History
2026-05-21 20:30:05.365: [INFO][Sync] Stopped: Saved Tab Group
2026-05-21 20:30:05.365: [INFO][Sync] Stopped: WebAuthn Credentials
2026-05-21 20:30:05.365: [INFO][Sync] Stopped: Collection
2026-05-21 20:30:05.365: [INFO][Sync] Stopped: Edge E Drop
2026-05-21 20:30:05.365: [INFO][Sync] Stopped: Edge Hub App Usage
2026-05-21 20:30:05.365: [INFO][Sync] Stopped: Edge Wallet
2026-05-21 20:30:05.365: [INFO][Sync] Stopped: Edge Workspace
2026-05-21 20:30:10.997: [INFO][Sync] Reset engine, reason: 0
